src/components/TextReveal.tsx(50,22): error TS2322: Type '{ visible: { opacity: number; y: number; transition: { type: string; damping: number; stiffness: number; }; }; hidden: { opacity: number; y: number; transition: { type: string; damping: number; stiffness: number; }; }; }' is not assignable to type 'Variants'.
  Property 'visible' is incompatible with index signature.
    Type '{ opacity: number; y: number; transition: { type: string; damping: number; stiffness: number; }; }' is not assignable to type 'Variant'.
      Type '{ opacity: number; y: number; transition: { type: string; damping: number; stiffness: number; }; }' is not assignable to type 'TargetAndTransition'.
        Type '{ opacity: number; y: number; transition: { type: string; damping: number; stiffness: number; }; }' is not assignable to type '{ transition?: Transition<any>; transitionEnd?: ResolvedValues$1; }'.
          Types of property 'transition' are incompatible.
            Type '{ type: string; damping: number; stiffness: number; }' is not assignable to type 'Transition<any>'.
              Type '{ type: string; damping: number; stiffness: number; }' is not assignable to type 'TransitionWithValueOverrides<any>'.
                Type '{ type: string; damping: number; stiffness: number; }' is not assignable to type 'ValueAnimationTransition<any>'.
                  Types of property 'type' are incompatible.
                    Type 'string' is not assignable to type 'AnimationGeneratorType'.
